  kursova.cpp
C:\Users\Krum\source\repos\kursova\kursova\kursova.cpp(27,16): warning C4566: character represented by universal-character-name '\u0413' cannot be represented in the current code page (1252)
C:\Users\Krum\source\repos\kursova\kursova\kursova.cpp(27,16): warning C4566: character represented by universal-character-name '\u0440' cannot be represented in the current code page (1252)
C:\Users\Krum\source\repos\kursova\kursova\kursova.cpp(27,16): warning C4566: character represented by universal-character-name '\u0435' cannot be represented in the current code page (1252)
C:\Users\Krum\source\repos\kursova\kursova\kursova.cpp(27,16): warning C4566: character represented by universal-character-name '\u0448' cannot be represented in the current code page (1252)
C:\Users\Krum\source\repos\kursova\kursova\kursova.cpp(27,16): warning C4566: character represented by universal-character-name '\u043A' cannot be represented in the current code page (1252)
C:\Users\Krum\source\repos\kursova\kursova\kursova.cpp(27,16): warning C4566: character represented by universal-character-name '\u0430' cannot be represented in the current code page (1252)
C:\Users\Krum\source\repos\kursova\kursova\kursova.cpp(27,16): warning C4566: character represented by universal-character-name '\u043D' cannot be represented in the current code page (1252)
C:\Users\Krum\source\repos\kursova\kursova\kursova.cpp(27,16): warning C4566: character represented by universal-character-name '\u043C' cannot be represented in the current code page (1252)
C:\Users\Krum\source\repos\kursova\kursova\kursova.cpp(27,16): warning C4566: character represented by universal-character-name '\u043E' cannot be represented in the current code page (1252)
C:\Users\Krum\source\repos\kursova\kursova\kursova.cpp(27,16): warning C4566: character represented by universal-character-name '\u0436' cannot be represented in the current code page (1252)
C:\Users\Krum\source\repos\kursova\kursova\kursova.cpp(27,16): warning C4566: character represented by universal-character-name '\u0434' cannot be represented in the current code page (1252)
C:\Users\Krum\source\repos\kursova\kursova\kursova.cpp(27,16): warning C4566: character represented by universal-character-name '\u0441' cannot be represented in the current code page (1252)
C:\Users\Krum\source\repos\kursova\kursova\kursova.cpp(27,16): warning C4566: character represented by universal-character-name '\u0442' cannot be represented in the current code page (1252)
C:\Users\Krum\source\repos\kursova\kursova\kursova.cpp(27,16): warning C4566: character represented by universal-character-name '\u0432' cannot be represented in the current code page (1252)
C:\Users\Krum\source\repos\kursova\kursova\kursova.cpp(27,16): warning C4566: character represented by universal-character-name '\u0438' cannot be represented in the current code page (1252)
C:\Users\Krum\source\repos\kursova\kursova\kursova.cpp(35,16): warning C4566: character represented by universal-character-name '\u0413' cannot be represented in the current code page (1252)
C:\Users\Krum\source\repos\kursova\kursova\kursova.cpp(35,16): warning C4566: character represented by universal-character-name '\u0440' cannot be represented in the current code page (1252)
C:\Users\Krum\source\repos\kursova\kursova\kursova.cpp(35,16): warning C4566: character represented by universal-character-name '\u0435' cannot be represented in the current code page (1252)
C:\Users\Krum\source\repos\kursova\kursova\kursova.cpp(35,16): warning C4566: character represented by universal-character-name '\u0448' cannot be represented in the current code page (1252)
C:\Users\Krum\source\repos\kursova\kursova\kursova.cpp(35,16): warning C4566: character represented by universal-character-name '\u043A' cannot be represented in the current code page (1252)
C:\Users\Krum\source\repos\kursova\kursova\kursova.cpp(35,16): warning C4566: character represented by universal-character-name '\u0430' cannot be represented in the current code page (1252)
C:\Users\Krum\source\repos\kursova\kursova\kursova.cpp(35,16): warning C4566: character represented by universal-character-name '\u043D' cannot be represented in the current code page (1252)
C:\Users\Krum\source\repos\kursova\kursova\kursova.cpp(35,16): warning C4566: character represented by universal-character-name '\u043C' cannot be represented in the current code page (1252)
C:\Users\Krum\source\repos\kursova\kursova\kursova.cpp(35,16): warning C4566: character represented by universal-character-name '\u043E' cannot be represented in the current code page (1252)
C:\Users\Krum\source\repos\kursova\kursova\kursova.cpp(35,16): warning C4566: character represented by universal-character-name '\u0436' cannot be represented in the current code page (1252)
C:\Users\Krum\source\repos\kursova\kursova\kursova.cpp(35,16): warning C4566: character represented by universal-character-name '\u0434' cannot be represented in the current code page (1252)
C:\Users\Krum\source\repos\kursova\kursova\kursova.cpp(35,16): warning C4566: character represented by universal-character-name '\u0441' cannot be represented in the current code page (1252)
C:\Users\Krum\source\repos\kursova\kursova\kursova.cpp(35,16): warning C4566: character represented by universal-character-name '\u044A' cannot be represented in the current code page (1252)
C:\Users\Krum\source\repos\kursova\kursova\kursova.cpp(35,16): warning C4566: character represented by universal-character-name '\u0437' cannot be represented in the current code page (1252)
C:\Users\Krum\source\repos\kursova\kursova\kursova.cpp(57,12): warning C4566: character represented by universal-character-name '\u0413' cannot be represented in the current code page (1252)
C:\Users\Krum\source\repos\kursova\kursova\kursova.cpp(57,12): warning C4566: character represented by universal-character-name '\u043E' cannot be represented in the current code page (1252)
C:\Users\Krum\source\repos\kursova\kursova\kursova.cpp(57,12): warning C4566: character represented by universal-character-name '\u0442' cannot be represented in the current code page (1252)
C:\Users\Krum\source\repos\kursova\kursova\kursova.cpp(57,12): warning C4566: character represented by universal-character-name '\u0432' cannot be represented in the current code page (1252)
C:\Users\Krum\source\repos\kursova\kursova\kursova.cpp(57,12): warning C4566: character represented by universal-character-name '\u0424' cannot be represented in the current code page (1252)
C:\Users\Krum\source\repos\kursova\kursova\kursova.cpp(57,12): warning C4566: character represented by universal-character-name '\u0430' cannot be represented in the current code page (1252)
C:\Users\Krum\source\repos\kursova\kursova\kursova.cpp(57,12): warning C4566: character represented by universal-character-name '\u0439' cannot be represented in the current code page (1252)
C:\Users\Krum\source\repos\kursova\kursova\kursova.cpp(57,12): warning C4566: character represented by universal-character-name '\u043B' cannot be represented in the current code page (1252)
C:\Users\Krum\source\repos\kursova\kursova\kursova.cpp(57,12): warning C4566: character represented by universal-character-name '\u044A' cannot be represented in the current code page (1252)
C:\Users\Krum\source\repos\kursova\kursova\kursova.cpp(57,12): warning C4566: character represented by universal-character-name '\u0435' cannot be represented in the current code page (1252)
C:\Users\Krum\source\repos\kursova\kursova\kursova.cpp(57,12): warning C4566: character represented by universal-character-name '\u0437' cannot be represented in the current code page (1252)
C:\Users\Krum\source\repos\kursova\kursova\kursova.cpp(57,12): warning C4566: character represented by universal-character-name '\u043F' cannot be represented in the current code page (1252)
C:\Users\Krum\source\repos\kursova\kursova\kursova.cpp(57,12): warning C4566: character represented by universal-character-name '\u0438' cannot be represented in the current code page (1252)
C:\Users\Krum\source\repos\kursova\kursova\kursova.cpp(57,12): warning C4566: character represented by universal-character-name '\u0441' cannot be represented in the current code page (1252)
C:\Users\Krum\source\repos\kursova\kursova\kursova.cpp(57,12): warning C4566: character represented by universal-character-name '\u043D' cannot be represented in the current code page (1252)
C:\Users\Krum\source\repos\kursova\kursova\kursova.cpp(57,12): warning C4566: character represented by universal-character-name '\u043A' cannot be represented in the current code page (1252)
C:\Users\Krum\source\repos\kursova\kursova\kursova.cpp(21,20): warning C4101: 'bom': unreferenced local variable
  kursova.vcxproj -> C:\Users\Krum\source\repos\kursova\x64\Debug\kursova.exe
